{
  "version": "1.5.0",
  "plugins_used": [
    {
      "name": "ArtifactoryDetector"
    },
    {
      "name": "AWSKeyDetector"
    },
    {
      "name": "AzureStorageKeyDetector"
    },
    {
      "name": "Base64HighEntropyString",
      "limit": 4.5
    },
    {
      "name": "BasicAuthDetector"
    },
    {
      "name": "CloudantDetector"
    },
    {
      "name": "DiscordBotTokenDetector"
    },
    {
      "name": "GitHubTokenDetector"
    },
    {
      "name": "GitLabTokenDetector"
    },
    {
      "name": "HexHighEntropyString",
      "limit": 3.0
    },
    {
      "name": "IbmCloudIamDetector"
    },
    {
      "name": "IbmCosHmacDetector"
    },
    {
      "name": "IPPublicDetector"
    },
    {
      "name": "JwtTokenDetector"
    },
    {
      "name": "KeywordDetector",
      "keyword_exclude": ""
    },
    {
      "name": "MailchimpDetector"
    },
    {
      "name": "NpmDetector"
    },
    {
      "name": "OpenAIDetector"
    },
    {
      "name": "PrivateKeyDetector"
    },
    {
      "name": "PypiTokenDetector"
    },
    {
      "name": "SendGridDetector"
    },
    {
      "name": "SlackDetector"
    },
    {
      "name": "SoftlayerDetector"
    },
    {
      "name": "SquareOAuthDetector"
    },
    {
      "name": "StripeDetector"
    },
    {
      "name": "TelegramBotTokenDetector"
    },
    {
      "name": "TwilioKeyDetector"
    }
  ],
  "filters_used": [
    {
      "path": "detect_secrets.filters.allowlist.is_line_allowlisted"
    },
    {
      "path": "detect_secrets.filters.common.is_baseline_file",
      "filename": ".secrets.baseline"
    },
    {
      "path": "detect_secrets.filters.common.is_ignored_due_to_verification_policies",
      "min_level": 2
    },
    {
      "path": "detect_secrets.filters.heuristic.is_indirect_reference"
    },
    {
      "path": "detect_secrets.filters.heuristic.is_likely_id_string"
    },
    {
      "path": "detect_secrets.filters.heuristic.is_lock_file"
    },
    {
      "path": "detect_secrets.filters.heuristic.is_not_alphanumeric_string"
    },
    {
      "path": "detect_secrets.filters.heuristic.is_potential_uuid"
    },
    {
      "path": "detect_secrets.filters.heuristic.is_prefixed_with_dollar_sign"
    },
    {
      "path": "detect_secrets.filters.heuristic.is_sequential_string"
    },
    {
      "path": "detect_secrets.filters.heuristic.is_swagger_file"
    },
    {
      "path": "detect_secrets.filters.heuristic.is_templated_secret"
    }
  ],
  "results": {
    "buttermilk/_core/llms.py": [
      {
        "type": "Secret Keyword",
        "filename": "buttermilk/_core/llms.py",
        "hashed_secret": "19c6d25b1861faf47765c6ccb0b0efd33e655e73",
        "is_verified": true,
        "line_number": 1506
      }
    ],
    "buttermilk/conf/config.yaml": [
      {
        "type": "Secret Keyword",
        "filename": "buttermilk/conf/config.yaml",
        "hashed_secret": "46833671a9f1813292c032e4ac29e9a10c6f3635",
        "is_verified": false,
        "line_number": 29
      },
      {
        "type": "Secret Keyword",
        "filename": "buttermilk/conf/config.yaml",
        "hashed_secret": "ac32bc71ed5312ddfea7172624f5e008b1ce725b",
        "is_verified": false,
        "line_number": 30
      }
    ],
    "buttermilk/conf/testing.yaml": [
      {
        "type": "Secret Keyword",
        "filename": "buttermilk/conf/testing.yaml",
        "hashed_secret": "46833671a9f1813292c032e4ac29e9a10c6f3635",
        "is_verified": false,
        "line_number": 46
      },
      {
        "type": "Secret Keyword",
        "filename": "buttermilk/conf/testing.yaml",
        "hashed_secret": "ac32bc71ed5312ddfea7172624f5e008b1ce725b",
        "is_verified": false,
        "line_number": 47
      }
    ],
    "buttermilk/toxicity/aegis.py": [
      {
        "type": "Hex High Entropy String",
        "filename": "buttermilk/toxicity/aegis.py",
        "hashed_secret": "8cb44513c8f2525c4fb33e72c5a5d1b15d68f879",
        "is_verified": false,
        "line_number": 55
      }
    ],
    "buttermilk/toxicity/llamaguard.py": [
      {
        "type": "Base64 High Entropy String",
        "filename": "buttermilk/toxicity/llamaguard.py",
        "hashed_secret": "02deab6f6089fa23b2bcb4623ba160c80a1bc707",
        "is_verified": false,
        "line_number": 389
      }
    ],
    "docs/reference/zotero_vectordb_guide.md": [
      {
        "type": "Secret Keyword",
        "filename": "docs/reference/zotero_vectordb_guide.md",
        "hashed_secret": "6d879c754a0b8f610157bf6923ec59584674390f",
        "is_verified": false,
        "line_number": 12
      }
    ],
    "docs/testing/BOUNDARY_MOCKING.md": [
      {
        "type": "Secret Keyword",
        "filename": "docs/testing/BOUNDARY_MOCKING.md",
        "hashed_secret": "3acfb2c2b433c0ea7ff107e33df91b18e52f960f",
        "is_verified": false,
        "line_number": 105
      },
      {
        "type": "Secret Keyword",
        "filename": "docs/testing/BOUNDARY_MOCKING.md",
        "hashed_secret": "fe1bae27cb7c1fb823f496f286e78f1d2ae87734",
        "is_verified": false,
        "line_number": 115
      }
    ],
    "tests/data/input_synth_tja.json": [
      {
        "type": "Base64 High Entropy String",
        "filename": "tests/data/input_synth_tja.json",
        "hashed_secret": "7d1205740797c458211a1c30f3683966486f94c9",
        "is_verified": false,
        "line_number": 16
      }
    ],
    "tests/integration/test_agent_variable_extraction.py": [
      {
        "type": "Hex High Entropy String",
        "filename": "tests/integration/test_agent_variable_extraction.py",
        "hashed_secret": "6b3edc3c8a89f19c9d90c2282ea91bc54e464f64",
        "is_verified": false,
        "line_number": 96
      },
      {
        "type": "Hex High Entropy String",
        "filename": "tests/integration/test_agent_variable_extraction.py",
        "hashed_secret": "a77acc873a8e2341b60b4f9d8634a89a27d82f4a",
        "is_verified": false,
        "line_number": 97
      }
    ],
    "tests/integration/test_tmdb_agent_integration.py": [
      {
        "type": "Secret Keyword",
        "filename": "tests/integration/test_tmdb_agent_integration.py",
        "hashed_secret": "9f7710e442f02892e6dca361eca43abb3f9ddfdd",
        "is_verified": false,
        "line_number": 40
      },
      {
        "type": "Secret Keyword",
        "filename": "tests/integration/test_tmdb_agent_integration.py",
        "hashed_secret": "047f7d57b69a90b06c0da034cde142486d1f5ef0",
        "is_verified": false,
        "line_number": 185
      },
      {
        "type": "Secret Keyword",
        "filename": "tests/integration/test_tmdb_agent_integration.py",
        "hashed_secret": "c96a2d48de395176b48b5ed096ed59c79c4273ab",
        "is_verified": false,
        "line_number": 194
      }
    ],
    "tests/test_lazy_loading_unit.py": [
      {
        "type": "Secret Keyword",
        "filename": "tests/test_lazy_loading_unit.py",
        "hashed_secret": "00942f4668670f34c5943cf52c7ef3139fe2b8d6",
        "is_verified": false,
        "line_number": 166
      },
      {
        "type": "Secret Keyword",
        "filename": "tests/test_lazy_loading_unit.py",
        "hashed_secret": "030ea496be6006c04ab2ca75efc83040cf0cb5ec",
        "is_verified": false,
        "line_number": 167
      }
    ],
    "tests/tools/test_tmdb.py": [
      {
        "type": "Secret Keyword",
        "filename": "tests/tools/test_tmdb.py",
        "hashed_secret": "19e88ab3a920b2fad0578951bd4d846badfd5fb2",
        "is_verified": false,
        "line_number": 22
      },
      {
        "type": "Secret Keyword",
        "filename": "tests/tools/test_tmdb.py",
        "hashed_secret": "4d233e5c0d47ac3b04357278bcb3f8047967a7da",
        "is_verified": false,
        "line_number": 739
      }
    ],
    "tests/unit/test_llm_config_refactor.py": [
      {
        "type": "Secret Keyword",
        "filename": "tests/unit/test_llm_config_refactor.py",
        "hashed_secret": "3acfb2c2b433c0ea7ff107e33df91b18e52f960f",
        "is_verified": false,
        "line_number": 32
      }
    ]
  },
  "generated_at": "2025-11-04T02:26:33Z"
}
