============================= test session starts ==============================
platform linux -- Python 3.12.12, pytest-9.0.2, pluggy-1.6.0 -- /home/nic/src/buttermilk/.venv/bin/python3
cachedir: .pytest_cache
benchmark: 5.2.3 (defaults: timer=time.perf_counter disable_gc=False min_rounds=5 min_time=0.000005 max_time=1.0 calibration_precision=10 warmup=False warmup_iterations=100000)
rootdir: /home/nic/src/buttermilk
configfile: pyproject.toml
plugins: langsmith-0.6.2, benchmark-5.2.3, timeout-2.4.0, xdist-3.8.0, hydra-core-1.3.2, anyio-4.12.1, cov-5.0.0, mock-3.15.1
timeout: 90.0s
timeout method: signal
timeout func_only: False
created: 20/20 workers
20 workers [3 items]

scheduling tests via LoadScheduling

tests/test_batch_runner.py::test_batch_pipeline_runner_storage_save_records 
tests/test_batch_runner.py::test_batch_pipeline_runner_sync_flow 
tests/test_batch_runner.py::test_batch_pipeline_runner_storage_load_uri 
[gw0] PASSED tests/test_batch_runner.py::test_batch_pipeline_runner_sync_flow 
[gw1] FAILED tests/test_batch_runner.py::test_batch_pipeline_runner_storage_save_records 
[gw2] FAILED tests/test_batch_runner.py::test_batch_pipeline_runner_storage_load_uri 

=================================== FAILURES ===================================
_______________ test_batch_pipeline_runner_storage_save_records ________________
[gw1] linux -- Python 3.12.12 /home/nic/src/buttermilk/.venv/bin/python3
tests/test_batch_runner.py:90: in test_batch_pipeline_runner_storage_save_records
    assert len(mock_storage.saved_records) == 1
E   assert 0 == 1
E    +  where 0 = len([])
E    +    where [] = <tests.test_batch_runner.test_batch_pipeline_runner_storage_save_records.<locals>.MockStorage object at 0x7e36261e1370>.saved_records
_________________ test_batch_pipeline_runner_storage_load_uri __________________
[gw2] linux -- Python 3.12.12 /home/nic/src/buttermilk/.venv/bin/python3
tests/test_batch_runner.py:149: in test_batch_pipeline_runner_storage_load_uri
    assert len(mock_storage.loaded_uris) == 1
E   assert 0 == 1
E    +  where 0 = len([])
E    +    where [] = <tests.test_batch_runner.test_batch_pipeline_runner_storage_load_uri.<locals>.MockStorage object at 0x7440d41ad310>.loaded_uris
=============================== warnings summary ===============================
buttermilk/_core/bm_init.py:84: 20 warnings
  /home/nic/src/buttermilk/buttermilk/_core/bm_init.py:84: PydanticDeprecatedSince20: Support for class-based `config` is deprecated, use ConfigDict instead. Deprecated in Pydantic V2.0 to be removed in V3.0. See Pydantic V2 Migration Guide at https://errors.pydantic.dev/2.12/migration/
    class SessionInfo(BaseModel):

.venv/lib/python3.12/site-packages/pydantic/_internal/_generate_schema.py:319: 60 warnings
  /home/nic/src/buttermilk/.venv/lib/python3.12/site-packages/pydantic/_internal/_generate_schema.py:319: PydanticDeprecatedSince20: `json_encoders` is deprecated. See https://docs.pydantic.dev/2.12/concepts/serialization/#custom-serializers for alternatives. Deprecated in Pydantic V2.0 to be removed in V3.0. See Pydantic V2 Migration Guide at https://errors.pydantic.dev/2.12/migration/
    warnings.warn(

-- Docs: https://docs.pytest.org/en/stable/how-to/capture-warnings.html
============================= slowest 10 durations =============================

(9 durations < 0.005s hidden.  Use -vv to show these durations.)
=========================== short test summary info ============================
FAILED tests/test_batch_runner.py::test_batch_pipeline_runner_storage_save_records
FAILED tests/test_batch_runner.py::test_batch_pipeline_runner_storage_load_uri
=================== 2 failed, 1 passed, 80 warnings in 6.12s ===================
